src/pos/base_chain.cpp:5: part  Inc  (1 super)
src/pos/base_chain.cpp:6: part  Dbl  (1 super)
src/pos/base_chain.cpp:8: base  Inc:Dbl:Term  ->  hapi::Chain<Inc,Dbl>::Part<Term>
src/pos/base_chain.cpp:9: base  Inc:Term  ->  hapi::Chain<Inc>::Part<Term>
src/pos/base_chain.cpp:10: base  (PP : ... : Term)  ->  hapi::Chain<PP...>::template Part<Term>
src/pos/base_chain.cpp:11: base  (PP : ... : Dbl : Term)  ->  hapi::Chain<PP...,Dbl>::template Part<Term>
src/pos/ctors.cpp:4: part  Pass  (1 super)
src/pos/ctors.cpp:5: part  Pass2  (1 super)
src/pos/ctors.cpp:6: part  Offset  (2 super)
src/pos/ctors.cpp:7: part  Explicit  (2 super)
src/pos/ctors.cpp:9: alias Pass:Pass2:Term  ->  hapi::Chain<Pass,Pass2>::Part<Term>
src/pos/ctors.cpp:10: alias Offset:Pass2:Term  ->  hapi::Chain<Offset,Pass2>::Part<Term>
src/pos/ctors.cpp:11: alias Explicit:Term  ->  hapi::Chain<Explicit>::Part<Term>
src/pos/dependent.cpp:4: part  Uses  (2 super)
src/pos/dependent.cpp:8: alias Uses:Only  ->  hapi::Chain<Uses>::Part<Only>
src/pos/family.cpp:5: part  A  (1 super)
src/pos/family.cpp:6: alias A:B  ->  hapi::Chain<A>::Part<B>
src/pos/family.cpp:7: alias A:C  ->  hapi::Chain<A>::Part<C>
src/pos/identity.cpp:4: alias A:(B:C)  ->  hapi::Chain<A,B>::Part<C>
src/pos/identity.cpp:5: alias Any:X  ->  hapi::Chain<Any>::Part<X>
src/pos/identity.cpp:6: alias Any:A:B:C  ->  hapi::Chain<Any,A,B>::Part<C>
src/pos/identity.cpp:7: alias (PP : ... : C)  ->  typename hapi::Chain<PP...>::template Part<C>
src/pos/identity.h:5: part  A  (1 super)
src/pos/identity.h:6: part  B  (1 super)
src/pos/identity.h:7: part  Any  (1 super)
src/pos/identity.h:8: alias A:B:C  ->  hapi::Chain<A,B>::Part<C>
src/pos/label_hazard.cpp:5: part  A  (1 super)
src/pos/self.cpp:4: part  Self  (2 super)
src/pos/self.cpp:11: alias Self:Term  ->  hapi::Chain<Self>::Part<Term>
src/pos/self.cpp:12: alias Self:Self:Term  ->  hapi::Chain<Self,Self>::Part<Term>
