src/pos/base_chain.cpp:5: part  Inc  (1 super)
src/pos/base_chain.cpp:6: part  Dbl  (1 super)
src/pos/base_chain.cpp:8: base  Inc:Dbl:Term  ->  Inc::Part<Dbl::Part<Term>>
src/pos/base_chain.cpp:8: named Z  (Base + ctors, 0 super)
src/pos/base_chain.cpp:9: base  Inc:Term  ->  Inc::Part<Term>
src/pos/base_chain.cpp:9: named Z2  (Base + ctors, 0 super)
src/pos/base_chain.cpp:10: base  (PP : ... : Term)  ->  od::FoldT<Term,PP...>
src/pos/base_chain.cpp:10: named ZF  (Base + ctors, 0 super)
src/pos/base_chain.cpp:11: base  (PP : ... : Dbl : Term)  ->  od::FoldT<Term,PP...,Dbl>
src/pos/base_chain.cpp:11: named ZG  (Base + ctors, 0 super)
src/pos/ctors.cpp:5: part  Pass  (1 super)
src/pos/ctors.cpp:6: part  Pass2  (1 super)
src/pos/ctors.cpp:7: part  Offset  (2 super)
src/pos/ctors.cpp:8: part  Explicit  (2 super)
src/pos/ctors.cpp:10: base  Pass:Pass2:Term  ->  Pass::Part<Pass2::Part<Term>>
src/pos/ctors.cpp:10: named X  (Base + ctors, 0 super)
src/pos/ctors.cpp:11: base  Offset:Pass2:Term  ->  Offset::Part<Pass2::Part<Term>>
src/pos/ctors.cpp:11: named Y  (Base + ctors, 0 super)
src/pos/ctors.cpp:12: base  Explicit:Term  ->  Explicit::Part<Term>
src/pos/ctors.cpp:12: named E  (Base + ctors, 0 super)
src/pos/dependent.cpp:4: part  Uses  (2 super)
src/pos/dependent.cpp:8: base  Uses:Only  ->  Uses::Part<Only>
src/pos/dependent.cpp:8: named U  (Base + ctors, 0 super)
src/pos/distinct_args.cpp:4: part  Add  (1 super)
src/pos/distinct_args.cpp:5: base  Add<1>:Add<2>:Term  ->  Add<1>::Part<Add<2>::Part<Term>>
src/pos/distinct_args.cpp:5: named Z  (Base + ctors, 0 super)
src/pos/family.cpp:5: part  A  (1 super)
src/pos/family.cpp:6: base  A:B  ->  A::Part<B>
src/pos/family.cpp:6: named AB  (Base + ctors, 0 super)
src/pos/family.cpp:7: base  A:C  ->  A::Part<C>
src/pos/family.cpp:7: named AC  (Base + ctors, 0 super)
src/pos/identity.cpp:4: base  A:(B:C)  ->  A::Part<B::Part<C>>
src/pos/identity.cpp:4: named G  (Base + ctors, 0 super)
src/pos/identity.cpp:5: base  Any:X  ->  Any::Part<X>
src/pos/identity.cpp:5: named Y  (Base + ctors, 0 super)
src/pos/identity.cpp:6: base  Any:A:B:C  ->  Any::Part<A::Part<B::Part<C>>>
src/pos/identity.cpp:6: named Y2  (Base + ctors, 0 super)
src/pos/identity.cpp:7: base  (PP : ... : C)  ->  od::FoldT<C,PP...>
src/pos/identity.cpp:7: named F  (Base + ctors, 0 super)
src/pos/identity.h:5: part  A  (1 super)
src/pos/identity.h:6: part  B  (1 super)
src/pos/identity.h:7: part  Any  (1 super)
src/pos/identity.h:8: base  A:B:C  ->  A::Part<B::Part<C>>
src/pos/identity.h:8: named X  (Base + ctors, 0 super)
src/pos/label_hazard.cpp:5: part  A  (1 super)
src/pos/named_chain.cpp:5: part  B  (1 super)
src/pos/named_chain.cpp:6: base  B:C  ->  B::Part<C>
src/pos/named_chain.cpp:6: named A  (Base + ctors, 1 super)
src/pos/named_chain.cpp:12: base  B:T  ->  B::template Part<T>
src/pos/named_chain.cpp:12: named W  (Base + ctors, 1 super)
src/pos/named_chain.cpp:14: base  B:K  ->  B::Part<K>
src/pos/named_chain.cpp:14: named AK  (Base + ctors, 1 super)
src/pos/open_terminal.cpp:4: part  B  (1 super)
src/pos/open_terminal.cpp:5: part  A  (1 super)
src/pos/open_terminal.cpp:6: base  A:B  ->  A::Part<B::Part<od::Nil>>
src/pos/open_terminal.cpp:6: named Z  (Base + ctors, 0 super)
src/pos/open_terminal.cpp:7: base  (PP : ... : B)  ->  od::FoldT<od::Nil,PP...,B>
src/pos/open_terminal.cpp:7: named ZF  (Base + ctors, 0 super)
src/pos/self.cpp:5: part  Self  (2 super)
src/pos/self.cpp:12: base  Self:Term  ->  Self::Part<Term>
src/pos/self.cpp:12: named X  (Base + ctors, 0 super)
